<?xml version = '1.0' encoding = 'UTF-8'?>
<plugins>
    <pyqgis_plugin name="QGIS Plugin CI Testing" version="0.1.2">
        <description><![CDATA[This is a testing plugin for QGIS Plugin CI]]></description>
        <version>0.1.2</version>
        <qgis_minimum_version>3.2</qgis_minimum_version>
        <homepage>https://github.com/opengisch/qgis-plugin-ci</homepage>
        <file_name>qgis_plugin_ci_testing.0.1.2.zip</file_name>
        <icon>icons/opengisch.png</icon>
        <author_name>Denis Rouzaud</author_name>
        <download_url>https://github.com/opengisch/qgis-plugin-ci/releases/download/0.1.2/qgis_plugin_ci_testing.0.1.2.zip</download_url>
        <uploaded_by>Denis Rouzaud</uploaded_by>
        <create_date>1985-07-21</create_date>
        <update_date>__TODAY__</update_date>
        <experimental>True</experimental>
        <deprecated>False</deprecated>
        <tracker>https://github.com/opengisch/qgis-plugin-ci/issues</tracker>
        <repository>https://github.com/opengisch/qgis-plugin-ci</repository>
        <tags></tags>
    </pyqgis_plugin>
</plugins>
